2026-04-24T10:43:30.677+05:30  INFO 34288 --- [order-processing-system] [main] com.order.OrderProcessingApplication     : Starting OrderProcessingApplication using Java 17.0.18 with PID 34288 (C:\Users\E873084\OneDrive - Honeywell\Backup_DellPrecision7560_Laptop\Official\TechSpikes\ops_java\target\classes started by E873084 in C:\Users\E873084\OneDrive - Honeywell\Backup_DellPrecision7560_Laptop\Official\TechSpikes\ops_java)
2026-04-24T10:43:30.680+05:30  INFO 34288 --- [order-processing-system] [main] com.order.OrderProcessingApplication     : No active profile set, falling back to 1 default profile: "default"
2026-04-24T10:43:31.557+05:30  INFO 34288 --- [order-processing-system] [main] .s.d.r.c.RepositoryConfigurationDelegate : Bootstrapping Spring Data JPA repositories in DEFAULT mode.
2026-04-24T10:43:31.604+05:30  INFO 34288 --- [order-processing-system] [main] .s.d.r.c.RepositoryConfigurationDelegate : Finished Spring Data repository scanning in 43 ms. Found 1 JPA repository interface.
2026-04-24T10:43:32.230+05:30  INFO 34288 --- [order-processing-system] [main] o.s.b.w.embedded.tomcat.TomcatWebServer  : Tomcat initialized with port 8080 (http)
2026-04-24T10:43:32.246+05:30  INFO 34288 --- [order-processing-system] [main] o.apache.catalina.core.StandardService   : Starting service [Tomcat]
2026-04-24T10:43:32.248+05:30  INFO 34288 --- [order-processing-system] [main] o.apache.catalina.core.StandardEngine    : Starting Servlet engine: [Apache Tomcat/10.1.20]
2026-04-24T10:43:32.298+05:30  INFO 34288 --- [order-processing-system] [main] o.a.c.c.C.[Tomcat].[localhost].[/]       : Initializing Spring embedded WebApplicationContext
2026-04-24T10:43:32.298+05:30  INFO 34288 --- [order-processing-system] [main] w.s.c.ServletWebServerApplicationContext : Root WebApplicationContext: initialization completed in 1569 ms
2026-04-24T10:43:32.379+05:30  INFO 34288 --- [order-processing-system] [main] com.zaxxer.hikari.HikariDataSource       : HikariPool-1 - Starting...
2026-04-24T10:43:32.558+05:30  INFO 34288 --- [order-processing-system] [main] com.zaxxer.hikari.pool.HikariPool        : HikariPool-1 - Added connection conn0: url=jdbc:h2:mem:ordersdb user=SA
2026-04-24T10:43:32.558+05:30  INFO 34288 --- [order-processing-system] [main] com.zaxxer.hikari.HikariDataSource       : HikariPool-1 - Start completed.
2026-04-24T10:43:32.574+05:30  INFO 34288 --- [order-processing-system] [main] o.s.b.a.h2.H2ConsoleAutoConfiguration    : H2 console available at '/h2-console'. Database available at 'jdbc:h2:mem:ordersdb'
2026-04-24T10:43:32.694+05:30  INFO 34288 --- [order-processing-system] [main] o.hibernate.jpa.internal.util.LogHelper  : HHH000204: Processing PersistenceUnitInfo [name: default]
2026-04-24T10:43:32.754+05:30  INFO 34288 --- [order-processing-system] [main] org.hibernate.Version                    : HHH000412: Hibernate ORM core version 6.4.4.Final
2026-04-24T10:43:32.782+05:30  INFO 34288 --- [order-processing-system] [main] o.h.c.internal.RegionFactoryInitiator    : HHH000026: Second-level cache disabled
2026-04-24T10:43:32.990+05:30  INFO 34288 --- [order-processing-system] [main] o.s.o.j.p.SpringPersistenceUnitInfo      : No LoadTimeWeaver setup: ignoring JPA class transformer
2026-04-24T10:43:33.882+05:30  INFO 34288 --- [order-processing-system] [main] o.h.e.t.j.p.i.JtaPlatformInitiator       : HHH000489: No JTA platform available (set 'hibernate.transaction.jta.platform' to enable JTA platform integration)
2026-04-24T10:43:33.933+05:30  INFO 34288 --- [order-processing-system] [main] j.LocalContainerEntityManagerFactoryBean : Initialized JPA EntityManagerFactory for persistence unit 'default'
2026-04-24T10:43:34.297+05:30  WARN 34288 --- [order-processing-system] [main] JpaBaseConfiguration$JpaWebConfiguration : spring.jpa.open-in-view is enabled by default. Therefore, database queries may be performed during view rendering. Explicitly configure spring.jpa.open-in-view to disable this warning
2026-04-24T10:43:34.769+05:30  INFO 34288 --- [order-processing-system] [main] o.s.b.a.e.web.EndpointLinksResolver      : Exposing 1 endpoint(s) beneath base path '/actuator'
2026-04-24T10:43:34.839+05:30  INFO 34288 --- [order-processing-system] [main] o.s.b.w.embedded.tomcat.TomcatWebServer  : Tomcat started on port 8080 (http) with context path ''
2026-04-24T10:43:34.853+05:30  INFO 34288 --- [order-processing-system] [main] com.order.OrderProcessingApplication     : Started OrderProcessingApplication in 4.59 seconds (process running for 4.87)
2026-04-24T10:43:34.853+05:30  INFO 34288 --- [order-processing-system] [scheduling-1] c.order.scheduler.OrderStatusScheduler   : Scheduler triggered: advancing order statuses
2026-04-24T10:43:34.981+05:30  INFO 34288 --- [order-processing-system] [scheduling-1] c.order.scheduler.OrderStatusScheduler   : Scheduler completed: 0 PENDING?PROCESSING, 0 PROCESSING?SHIPPING, 0 SHIPPING?DELIVERED
2026-04-24T10:44:28.627+05:30  INFO 34288 --- [order-processing-system] [http-nio-8080-exec-6] o.a.c.c.C.[Tomcat].[localhost].[/]       : Initializing Spring DispatcherServlet 'dispatcherServlet'
2026-04-24T10:44:28.641+05:30  INFO 34288 --- [order-processing-system] [http-nio-8080-exec-6] o.s.web.servlet.DispatcherServlet        : Initializing Servlet 'dispatcherServlet'
2026-04-24T10:44:28.642+05:30  INFO 34288 --- [order-processing-system] [http-nio-8080-exec-6] o.s.web.servlet.DispatcherServlet        : Completed initialization in 1 ms
2026-04-24T10:44:31.145+05:30  INFO 34288 --- [order-processing-system] [http-nio-8080-exec-2] com.order.service.OrderServiceImpl       : Order created with id: 1
2026-04-24T10:44:34.859+05:30  INFO 34288 --- [order-processing-system] [scheduling-1] c.order.scheduler.OrderStatusScheduler   : Scheduler triggered: advancing order statuses
2026-04-24T10:44:34.859+05:30  INFO 34288 --- [order-processing-system] [scheduling-1] c.order.scheduler.OrderStatusScheduler   : Scheduler completed: 0 PENDING?PROCESSING, 0 PROCESSING?SHIPPING, 0 SHIPPING?DELIVERED
2026-04-24T10:45:34.856+05:30  INFO 34288 --- [order-processing-system] [scheduling-1] c.order.scheduler.OrderStatusScheduler   : Scheduler triggered: advancing order statuses
2026-04-24T10:45:34.866+05:30  INFO 34288 --- [order-processing-system] [scheduling-1] com.order.service.OrderServiceImpl       : Order 1 automatically moved from PENDING to PROCESSING
2026-04-24T10:45:34.882+05:30  INFO 34288 --- [order-processing-system] [scheduling-1] c.order.scheduler.OrderStatusScheduler   : Scheduler completed: 1 PENDING?PROCESSING, 0 PROCESSING?SHIPPING, 0 SHIPPING?DELIVERED
2026-04-24T10:46:34.867+05:30  INFO 34288 --- [order-processing-system] [scheduling-1] c.order.scheduler.OrderStatusScheduler   : Scheduler triggered: advancing order statuses
2026-04-24T10:46:34.872+05:30  INFO 34288 --- [order-processing-system] [scheduling-1] c.order.scheduler.OrderStatusScheduler   : Scheduler completed: 0 PENDING?PROCESSING, 0 PROCESSING?SHIPPING, 0 SHIPPING?DELIVERED
2026-04-24T10:47:34.859+05:30  INFO 34288 --- [order-processing-system] [scheduling-1] c.order.scheduler.OrderStatusScheduler   : Scheduler triggered: advancing order statuses
2026-04-24T10:47:34.864+05:30  INFO 34288 --- [order-processing-system] [scheduling-1] com.order.service.OrderServiceImpl       : Order 1 automatically moved from PROCESSING to SHIPPING
2026-04-24T10:47:34.866+05:30  INFO 34288 --- [order-processing-system] [scheduling-1] c.order.scheduler.OrderStatusScheduler   : Scheduler completed: 0 PENDING?PROCESSING, 1 PROCESSING?SHIPPING, 0 SHIPPING?DELIVERED
2026-04-24T10:48:34.857+05:30  INFO 34288 --- [order-processing-system] [scheduling-1] c.order.scheduler.OrderStatusScheduler   : Scheduler triggered: advancing order statuses
2026-04-24T10:48:34.864+05:30  INFO 34288 --- [order-processing-system] [scheduling-1] c.order.scheduler.OrderStatusScheduler   : Scheduler completed: 0 PENDING?PROCESSING, 0 PROCESSING?SHIPPING, 0 SHIPPING?DELIVERED
2026-04-24T10:49:34.861+05:30  INFO 34288 --- [order-processing-system] [scheduling-1] c.order.scheduler.OrderStatusScheduler   : Scheduler triggered: advancing order statuses
2026-04-24T10:49:34.863+05:30  INFO 34288 --- [order-processing-system] [scheduling-1] com.order.service.OrderServiceImpl       : Order 1 automatically moved from SHIPPING to DELIVERED
2026-04-24T10:49:34.870+05:30  INFO 34288 --- [order-processing-system] [scheduling-1] c.order.scheduler.OrderStatusScheduler   : Scheduler completed: 0 PENDING?PROCESSING, 0 PROCESSING?SHIPPING, 1 SHIPPING?DELIVERED
2026-04-24T10:50:34.860+05:30  INFO 34288 --- [order-processing-system] [scheduling-1] c.order.scheduler.OrderStatusScheduler   : Scheduler triggered: advancing order statuses
2026-04-24T10:50:34.864+05:30  INFO 34288 --- [order-processing-system] [scheduling-1] c.order.scheduler.OrderStatusScheduler   : Scheduler completed: 0 PENDING?PROCESSING, 0 PROCESSING?SHIPPING, 0 SHIPPING?DELIVERED
2026-04-24T10:51:34.857+05:30  INFO 34288 --- [order-processing-system] [scheduling-1] c.order.scheduler.OrderStatusScheduler   : Scheduler triggered: advancing order statuses
2026-04-24T10:51:34.863+05:30  INFO 34288 --- [order-processing-system] [scheduling-1] c.order.scheduler.OrderStatusScheduler   : Scheduler completed: 0 PENDING?PROCESSING, 0 PROCESSING?SHIPPING, 0 SHIPPING?DELIVERED
2026-04-24T10:52:34.856+05:30  INFO 34288 --- [order-processing-system] [scheduling-1] c.order.scheduler.OrderStatusScheduler   : Scheduler triggered: advancing order statuses
2026-04-24T10:52:34.856+05:30  INFO 34288 --- [order-processing-system] [scheduling-1] c.order.scheduler.OrderStatusScheduler   : Scheduler completed: 0 PENDING?PROCESSING, 0 PROCESSING?SHIPPING, 0 SHIPPING?DELIVERED
2026-04-24T10:53:34.852+05:30  INFO 34288 --- [order-processing-system] [scheduling-1] c.order.scheduler.OrderStatusScheduler   : Scheduler triggered: advancing order statuses
2026-04-24T10:53:34.855+05:30  INFO 34288 --- [order-processing-system] [scheduling-1] c.order.scheduler.OrderStatusScheduler   : Scheduler completed: 0 PENDING?PROCESSING, 0 PROCESSING?SHIPPING, 0 SHIPPING?DELIVERED
2026-04-24T10:54:34.866+05:30  INFO 34288 --- [order-processing-system] [scheduling-1] c.order.scheduler.OrderStatusScheduler   : Scheduler triggered: advancing order statuses
2026-04-24T10:54:34.870+05:30  INFO 34288 --- [order-processing-system] [scheduling-1] c.order.scheduler.OrderStatusScheduler   : Scheduler completed: 0 PENDING?PROCESSING, 0 PROCESSING?SHIPPING, 0 SHIPPING?DELIVERED
2026-04-24T10:55:34.862+05:30  INFO 34288 --- [order-processing-system] [scheduling-1] c.order.scheduler.OrderStatusScheduler   : Scheduler triggered: advancing order statuses
2026-04-24T10:55:34.862+05:30  INFO 34288 --- [order-processing-system] [scheduling-1] c.order.scheduler.OrderStatusScheduler   : Scheduler completed: 0 PENDING?PROCESSING, 0 PROCESSING?SHIPPING, 0 SHIPPING?DELIVERED
2026-04-24T10:56:34.856+05:30  INFO 34288 --- [order-processing-system] [scheduling-1] c.order.scheduler.OrderStatusScheduler   : Scheduler triggered: advancing order statuses
2026-04-24T10:56:34.861+05:30  INFO 34288 --- [order-processing-system] [scheduling-1] c.order.scheduler.OrderStatusScheduler   : Scheduler completed: 0 PENDING?PROCESSING, 0 PROCESSING?SHIPPING, 0 SHIPPING?DELIVERED
2026-04-24T10:57:34.854+05:30  INFO 34288 --- [order-processing-system] [scheduling-1] c.order.scheduler.OrderStatusScheduler   : Scheduler triggered: advancing order statuses
2026-04-24T10:57:34.855+05:30  INFO 34288 --- [order-processing-system] [scheduling-1] c.order.scheduler.OrderStatusScheduler   : Scheduler completed: 0 PENDING?PROCESSING, 0 PROCESSING?SHIPPING, 0 SHIPPING?DELIVERED
2026-04-24T10:58:34.860+05:30  INFO 34288 --- [order-processing-system] [scheduling-1] c.order.scheduler.OrderStatusScheduler   : Scheduler triggered: advancing order statuses
2026-04-24T10:58:34.860+05:30  INFO 34288 --- [order-processing-system] [scheduling-1] c.order.scheduler.OrderStatusScheduler   : Scheduler completed: 0 PENDING?PROCESSING, 0 PROCESSING?SHIPPING, 0 SHIPPING?DELIVERED
2026-04-24T10:59:34.857+05:30  INFO 34288 --- [order-processing-system] [scheduling-1] c.order.scheduler.OrderStatusScheduler   : Scheduler triggered: advancing order statuses
2026-04-24T10:59:34.862+05:30  INFO 34288 --- [order-processing-system] [scheduling-1] c.order.scheduler.OrderStatusScheduler   : Scheduler completed: 0 PENDING?PROCESSING, 0 PROCESSING?SHIPPING, 0 SHIPPING?DELIVERED
2026-04-24T10:59:35.426+05:30  INFO 34288 --- [order-processing-system] [http-nio-8080-exec-9] com.order.service.OrderServiceImpl       : Order created with id: 2
2026-04-24T10:59:43.090+05:30  INFO 34288 --- [order-processing-system] [http-nio-8080-exec-5] com.order.service.OrderServiceImpl       : Order 2 has been cancelled
2026-04-24T10:59:54.673+05:30  INFO 34288 --- [order-processing-system] [http-nio-8080-exec-3] com.order.service.OrderServiceImpl       : Order created with id: 3
2026-04-24T11:00:34.861+05:30  INFO 34288 --- [order-processing-system] [scheduling-1] c.order.scheduler.OrderStatusScheduler   : Scheduler triggered: advancing order statuses
2026-04-24T11:00:34.866+05:30  INFO 34288 --- [order-processing-system] [scheduling-1] c.order.scheduler.OrderStatusScheduler   : Scheduler completed: 0 PENDING?PROCESSING, 0 PROCESSING?SHIPPING, 0 SHIPPING?DELIVERED
2026-04-24T11:01:34.864+05:30  INFO 34288 --- [order-processing-system] [scheduling-1] c.order.scheduler.OrderStatusScheduler   : Scheduler triggered: advancing order statuses
2026-04-24T11:01:34.864+05:30  INFO 34288 --- [order-processing-system] [scheduling-1] com.order.service.OrderServiceImpl       : Order 3 automatically moved from PENDING to PROCESSING
2026-04-24T11:01:34.864+05:30  INFO 34288 --- [order-processing-system] [scheduling-1] c.order.scheduler.OrderStatusScheduler   : Scheduler completed: 1 PENDING?PROCESSING, 0 PROCESSING?SHIPPING, 0 SHIPPING?DELIVERED
2026-04-24T11:02:34.859+05:30  INFO 34288 --- [order-processing-system] [scheduling-1] c.order.scheduler.OrderStatusScheduler   : Scheduler triggered: advancing order statuses
2026-04-24T11:02:34.866+05:30  INFO 34288 --- [order-processing-system] [scheduling-1] c.order.scheduler.OrderStatusScheduler   : Scheduler completed: 0 PENDING?PROCESSING, 0 PROCESSING?SHIPPING, 0 SHIPPING?DELIVERED
2026-04-24T11:03:34.855+05:30  INFO 34288 --- [order-processing-system] [scheduling-1] c.order.scheduler.OrderStatusScheduler   : Scheduler triggered: advancing order statuses
2026-04-24T11:03:34.857+05:30  INFO 34288 --- [order-processing-system] [scheduling-1] com.order.service.OrderServiceImpl       : Order 3 automatically moved from PROCESSING to SHIPPING
2026-04-24T11:03:34.863+05:30  INFO 34288 --- [order-processing-system] [scheduling-1] c.order.scheduler.OrderStatusScheduler   : Scheduler completed: 0 PENDING?PROCESSING, 1 PROCESSING?SHIPPING, 0 SHIPPING?DELIVERED
2026-04-24T11:04:34.851+05:30  INFO 34288 --- [order-processing-system] [scheduling-1] c.order.scheduler.OrderStatusScheduler   : Scheduler triggered: advancing order statuses
2026-04-24T11:04:34.853+05:30  INFO 34288 --- [order-processing-system] [scheduling-1] c.order.scheduler.OrderStatusScheduler   : Scheduler completed: 0 PENDING?PROCESSING, 0 PROCESSING?SHIPPING, 0 SHIPPING?DELIVERED
2026-04-24T11:05:34.855+05:30  INFO 34288 --- [order-processing-system] [scheduling-1] c.order.scheduler.OrderStatusScheduler   : Scheduler triggered: advancing order statuses
2026-04-24T11:05:34.861+05:30  INFO 34288 --- [order-processing-system] [scheduling-1] com.order.service.OrderServiceImpl       : Order 3 automatically moved from SHIPPING to DELIVERED
2026-04-24T11:05:34.863+05:30  INFO 34288 --- [order-processing-system] [scheduling-1] c.order.scheduler.OrderStatusScheduler   : Scheduler completed: 0 PENDING?PROCESSING, 0 PROCESSING?SHIPPING, 1 SHIPPING?DELIVERED
2026-04-24T11:06:34.857+05:30  INFO 34288 --- [order-processing-system] [scheduling-1] c.order.scheduler.OrderStatusScheduler   : Scheduler triggered: advancing order statuses
2026-04-24T11:06:34.861+05:30  INFO 34288 --- [order-processing-system] [scheduling-1] c.order.scheduler.OrderStatusScheduler   : Scheduler completed: 0 PENDING?PROCESSING, 0 PROCESSING?SHIPPING, 0 SHIPPING?DELIVERED
2026-04-24T11:07:34.855+05:30  INFO 34288 --- [order-processing-system] [scheduling-1] c.order.scheduler.OrderStatusScheduler   : Scheduler triggered: advancing order statuses
2026-04-24T11:07:34.860+05:30  INFO 34288 --- [order-processing-system] [scheduling-1] c.order.scheduler.OrderStatusScheduler   : Scheduler completed: 0 PENDING?PROCESSING, 0 PROCESSING?SHIPPING, 0 SHIPPING?DELIVERED
2026-04-24T11:08:34.865+05:30  INFO 34288 --- [order-processing-system] [scheduling-1] c.order.scheduler.OrderStatusScheduler   : Scheduler triggered: advancing order statuses
2026-04-24T11:08:34.865+05:30  INFO 34288 --- [order-processing-system] [scheduling-1] c.order.scheduler.OrderStatusScheduler   : Scheduler completed: 0 PENDING?PROCESSING, 0 PROCESSING?SHIPPING, 0 SHIPPING?DELIVERED
2026-04-24T11:09:34.852+05:30  INFO 34288 --- [order-processing-system] [scheduling-1] c.order.scheduler.OrderStatusScheduler   : Scheduler triggered: advancing order statuses
2026-04-24T11:09:34.855+05:30  INFO 34288 --- [order-processing-system] [scheduling-1] c.order.scheduler.OrderStatusScheduler   : Scheduler completed: 0 PENDING?PROCESSING, 0 PROCESSING?SHIPPING, 0 SHIPPING?DELIVERED
2026-04-24T11:10:34.860+05:30  INFO 34288 --- [order-processing-system] [scheduling-1] c.order.scheduler.OrderStatusScheduler   : Scheduler triggered: advancing order statuses
2026-04-24T11:10:34.860+05:30  INFO 34288 --- [order-processing-system] [scheduling-1] c.order.scheduler.OrderStatusScheduler   : Scheduler completed: 0 PENDING?PROCESSING, 0 PROCESSING?SHIPPING, 0 SHIPPING?DELIVERED
2026-04-24T11:11:34.861+05:30  INFO 34288 --- [order-processing-system] [scheduling-1] c.order.scheduler.OrderStatusScheduler   : Scheduler triggered: advancing order statuses
2026-04-24T11:11:34.867+05:30  INFO 34288 --- [order-processing-system] [scheduling-1] c.order.scheduler.OrderStatusScheduler   : Scheduler completed: 0 PENDING?PROCESSING, 0 PROCESSING?SHIPPING, 0 SHIPPING?DELIVERED
2026-04-24T11:12:34.863+05:30  INFO 34288 --- [order-processing-system] [scheduling-1] c.order.scheduler.OrderStatusScheduler   : Scheduler triggered: advancing order statuses
2026-04-24T11:12:34.863+05:30  INFO 34288 --- [order-processing-system] [scheduling-1] c.order.scheduler.OrderStatusScheduler   : Scheduler completed: 0 PENDING?PROCESSING, 0 PROCESSING?SHIPPING, 0 SHIPPING?DELIVERED
2026-04-24T11:13:34.866+05:30  INFO 34288 --- [order-processing-system] [scheduling-1] c.order.scheduler.OrderStatusScheduler   : Scheduler triggered: advancing order statuses
2026-04-24T11:13:34.866+05:30  INFO 34288 --- [order-processing-system] [scheduling-1] c.order.scheduler.OrderStatusScheduler   : Scheduler completed: 0 PENDING?PROCESSING, 0 PROCESSING?SHIPPING, 0 SHIPPING?DELIVERED
2026-04-24T11:14:34.851+05:30  INFO 34288 --- [order-processing-system] [scheduling-1] c.order.scheduler.OrderStatusScheduler   : Scheduler triggered: advancing order statuses
2026-04-24T11:14:34.851+05:30  INFO 34288 --- [order-processing-system] [scheduling-1] c.order.scheduler.OrderStatusScheduler   : Scheduler completed: 0 PENDING?PROCESSING, 0 PROCESSING?SHIPPING, 0 SHIPPING?DELIVERED
2026-04-24T11:15:34.853+05:30  INFO 34288 --- [order-processing-system] [scheduling-1] c.order.scheduler.OrderStatusScheduler   : Scheduler triggered: advancing order statuses
2026-04-24T11:15:34.861+05:30  INFO 34288 --- [order-processing-system] [scheduling-1] c.order.scheduler.OrderStatusScheduler   : Scheduler completed: 0 PENDING?PROCESSING, 0 PROCESSING?SHIPPING, 0 SHIPPING?DELIVERED
2026-04-24T11:16:34.854+05:30  INFO 34288 --- [order-processing-system] [scheduling-1] c.order.scheduler.OrderStatusScheduler   : Scheduler triggered: advancing order statuses
2026-04-24T11:16:34.854+05:30  INFO 34288 --- [order-processing-system] [scheduling-1] c.order.scheduler.OrderStatusScheduler   : Scheduler completed: 0 PENDING?PROCESSING, 0 PROCESSING?SHIPPING, 0 SHIPPING?DELIVERED
2026-04-24T11:17:34.852+05:30  INFO 34288 --- [order-processing-system] [scheduling-1] c.order.scheduler.OrderStatusScheduler   : Scheduler triggered: advancing order statuses
2026-04-24T11:17:34.852+05:30  INFO 34288 --- [order-processing-system] [scheduling-1] c.order.scheduler.OrderStatusScheduler   : Scheduler completed: 0 PENDING?PROCESSING, 0 PROCESSING?SHIPPING, 0 SHIPPING?DELIVERED
2026-04-24T11:18:34.853+05:30  INFO 34288 --- [order-processing-system] [scheduling-1] c.order.scheduler.OrderStatusScheduler   : Scheduler triggered: advancing order statuses
2026-04-24T11:18:34.853+05:30  INFO 34288 --- [order-processing-system] [scheduling-1] c.order.scheduler.OrderStatusScheduler   : Scheduler completed: 0 PENDING?PROCESSING, 0 PROCESSING?SHIPPING, 0 SHIPPING?DELIVERED
2026-04-24T11:19:34.853+05:30  INFO 34288 --- [order-processing-system] [scheduling-1] c.order.scheduler.OrderStatusScheduler   : Scheduler triggered: advancing order statuses
2026-04-24T11:19:34.853+05:30  INFO 34288 --- [order-processing-system] [scheduling-1] c.order.scheduler.OrderStatusScheduler   : Scheduler completed: 0 PENDING?PROCESSING, 0 PROCESSING?SHIPPING, 0 SHIPPING?DELIVERED
2026-04-24T11:20:13.378+05:30  INFO 34288 --- [order-processing-system] [SpringApplicationShutdownHook] j.LocalContainerEntityManagerFactoryBean : Closing JPA EntityManagerFactory for persistence unit 'default'
2026-04-24T11:20:13.378+05:30  INFO 34288 --- [order-processing-system] [SpringApplicationShutdownHook] com.zaxxer.hikari.HikariDataSource       : HikariPool-1 - Shutdown initiated...
2026-04-24T11:20:13.378+05:30  INFO 34288 --- [order-processing-system] [SpringApplicationShutdownHook] com.zaxxer.hikari.HikariDataSource       : HikariPool-1 - Shutdown completed.
2026-04-24T11:21:20.021+05:30  INFO 2396 --- [order-processing-system] [main] com.order.OrderProcessingApplication     : Starting OrderProcessingApplication using Java 17.0.18 with PID 2396 (C:\Users\E873084\OneDrive - Honeywell\Backup_DellPrecision7560_Laptop\Official\TechSpikes\ops_java\target\classes started by E873084 in C:\Users\E873084\OneDrive - Honeywell\Backup_DellPrecision7560_Laptop\Official\TechSpikes\ops_java)
2026-04-24T11:21:20.023+05:30  INFO 2396 --- [order-processing-system] [main] com.order.OrderProcessingApplication     : No active profile set, falling back to 1 default profile: "default"
2026-04-24T11:21:20.672+05:30  INFO 2396 --- [order-processing-system] [main] .s.d.r.c.RepositoryConfigurationDelegate : Bootstrapping Spring Data JPA repositories in DEFAULT mode.
2026-04-24T11:21:20.724+05:30  INFO 2396 --- [order-processing-system] [main] .s.d.r.c.RepositoryConfigurationDelegate : Finished Spring Data repository scanning in 43 ms. Found 1 JPA repository interface.
2026-04-24T11:21:21.285+05:30  INFO 2396 --- [order-processing-system] [main] o.s.b.w.embedded.tomcat.TomcatWebServer  : Tomcat initialized with port 8080 (http)
2026-04-24T11:21:21.294+05:30  INFO 2396 --- [order-processing-system] [main] o.apache.catalina.core.StandardService   : Starting service [Tomcat]
2026-04-24T11:21:21.294+05:30  INFO 2396 --- [order-processing-system] [main] o.apache.catalina.core.StandardEngine    : Starting Servlet engine: [Apache Tomcat/10.1.20]
2026-04-24T11:21:21.352+05:30  INFO 2396 --- [order-processing-system] [main] o.a.c.c.C.[Tomcat].[localhost].[/]       : Initializing Spring embedded WebApplicationContext
2026-04-24T11:21:21.352+05:30  INFO 2396 --- [order-processing-system] [main] w.s.c.ServletWebServerApplicationContext : Root WebApplicationContext: initialization completed in 1285 ms
2026-04-24T11:21:21.443+05:30  INFO 2396 --- [order-processing-system] [main] com.zaxxer.hikari.HikariDataSource       : HikariPool-1 - Starting...
2026-04-24T11:21:21.602+05:30  INFO 2396 --- [order-processing-system] [main] com.zaxxer.hikari.pool.HikariPool        : HikariPool-1 - Added connection conn0: url=jdbc:h2:mem:ordersdb user=SA
2026-04-24T11:21:21.603+05:30  INFO 2396 --- [order-processing-system] [main] com.zaxxer.hikari.HikariDataSource       : HikariPool-1 - Start completed.
2026-04-24T11:21:21.612+05:30  INFO 2396 --- [order-processing-system] [main] o.s.b.a.h2.H2ConsoleAutoConfiguration    : H2 console available at '/h2-console'. Database available at 'jdbc:h2:mem:ordersdb'
2026-04-24T11:21:21.750+05:30  INFO 2396 --- [order-processing-system] [main] o.hibernate.jpa.internal.util.LogHelper  : HHH000204: Processing PersistenceUnitInfo [name: default]
2026-04-24T11:21:21.798+05:30  INFO 2396 --- [order-processing-system] [main] org.hibernate.Version                    : HHH000412: Hibernate ORM core version 6.4.4.Final
2026-04-24T11:21:21.823+05:30  INFO 2396 --- [order-processing-system] [main] o.h.c.internal.RegionFactoryInitiator    : HHH000026: Second-level cache disabled
2026-04-24T11:21:22.008+05:30  INFO 2396 --- [order-processing-system] [main] o.s.o.j.p.SpringPersistenceUnitInfo      : No LoadTimeWeaver setup: ignoring JPA class transformer
2026-04-24T11:21:22.819+05:30  INFO 2396 --- [order-processing-system] [main] o.h.e.t.j.p.i.JtaPlatformInitiator       : HHH000489: No JTA platform available (set 'hibernate.transaction.jta.platform' to enable JTA platform integration)
2026-04-24T11:21:22.876+05:30  INFO 2396 --- [order-processing-system] [main] j.LocalContainerEntityManagerFactoryBean : Initialized JPA EntityManagerFactory for persistence unit 'default'
2026-04-24T11:21:23.226+05:30  WARN 2396 --- [order-processing-system] [main] JpaBaseConfiguration$JpaWebConfiguration : spring.jpa.open-in-view is enabled by default. Therefore, database queries may be performed during view rendering. Explicitly configure spring.jpa.open-in-view to disable this warning
2026-04-24T11:21:23.754+05:30  INFO 2396 --- [order-processing-system] [main] o.s.b.a.e.web.EndpointLinksResolver      : Exposing 1 endpoint(s) beneath base path '/actuator'
2026-04-24T11:21:23.854+05:30  INFO 2396 --- [order-processing-system] [main] o.s.b.w.embedded.tomcat.TomcatWebServer  : Tomcat started on port 8080 (http) with context path ''
2026-04-24T11:21:23.867+05:30  INFO 2396 --- [order-processing-system] [main] com.order.OrderProcessingApplication     : Started OrderProcessingApplication in 4.248 seconds (process running for 4.529)
2026-04-24T11:21:23.872+05:30  INFO 2396 --- [order-processing-system] [scheduling-1] c.order.scheduler.OrderStatusScheduler   : Scheduler triggered: advancing order statuses
2026-04-24T11:21:23.977+05:30  INFO 2396 --- [order-processing-system] [scheduling-1] c.order.scheduler.OrderStatusScheduler   : Scheduler completed: 0 PENDING?PROCESSING, 0 PROCESSING?SHIPPING, 0 SHIPPING?DELIVERED
2026-04-24T11:22:23.866+05:30  INFO 2396 --- [order-processing-system] [scheduling-1] c.order.scheduler.OrderStatusScheduler   : Scheduler triggered: advancing order statuses
2026-04-24T11:22:23.866+05:30  INFO 2396 --- [order-processing-system] [scheduling-1] c.order.scheduler.OrderStatusScheduler   : Scheduler completed: 0 PENDING?PROCESSING, 0 PROCESSING?SHIPPING, 0 SHIPPING?DELIVERED
2026-04-24T11:22:58.877+05:30  INFO 2396 --- [order-processing-system] [SpringApplicationShutdownHook] j.LocalContainerEntityManagerFactoryBean : Closing JPA EntityManagerFactory for persistence unit 'default'
2026-04-24T11:22:58.879+05:30  INFO 2396 --- [order-processing-system] [SpringApplicationShutdownHook] com.zaxxer.hikari.HikariDataSource       : HikariPool-1 - Shutdown initiated...
2026-04-24T11:22:58.881+05:30  INFO 2396 --- [order-processing-system] [SpringApplicationShutdownHook] com.zaxxer.hikari.HikariDataSource       : HikariPool-1 - Shutdown completed.
2026-04-24T11:24:23.346+05:30  INFO 36416 --- [order-processing-system] [main] com.order.OrderProcessingApplication     : Starting OrderProcessingApplication v1.0.0 using Java 17.0.18 with PID 36416 (C:\Users\E873084\OneDrive - Honeywell\Backup_DellPrecision7560_Laptop\Official\TechSpikes\ops_java\target\order-processing-system-1.0.0.jar started by E873084 in C:\Users\E873084\OneDrive - Honeywell\Backup_DellPrecision7560_Laptop\Official\TechSpikes\ops_java)
2026-04-24T11:24:23.349+05:30  INFO 36416 --- [order-processing-system] [main] com.order.OrderProcessingApplication     : No active profile set, falling back to 1 default profile: "default"
2026-04-24T11:24:24.667+05:30  INFO 36416 --- [order-processing-system] [main] .s.d.r.c.RepositoryConfigurationDelegate : Bootstrapping Spring Data JPA repositories in DEFAULT mode.
2026-04-24T11:24:24.735+05:30  INFO 36416 --- [order-processing-system] [main] .s.d.r.c.RepositoryConfigurationDelegate : Finished Spring Data repository scanning in 56 ms. Found 1 JPA repository interface.
2026-04-24T11:24:26.092+05:30  INFO 36416 --- [order-processing-system] [main] o.s.b.w.embedded.tomcat.TomcatWebServer  : Tomcat initialized with port 8080 (http)
2026-04-24T11:24:26.130+05:30  INFO 36416 --- [order-processing-system] [main] o.apache.catalina.core.StandardService   : Starting service [Tomcat]
2026-04-24T11:24:26.131+05:30  INFO 36416 --- [order-processing-system] [main] o.apache.catalina.core.StandardEngine    : Starting Servlet engine: [Apache Tomcat/10.1.20]
2026-04-24T11:24:26.224+05:30  INFO 36416 --- [order-processing-system] [main] o.a.c.c.C.[Tomcat].[localhost].[/]       : Initializing Spring embedded WebApplicationContext
2026-04-24T11:24:26.225+05:30  INFO 36416 --- [order-processing-system] [main] w.s.c.ServletWebServerApplicationContext : Root WebApplicationContext: initialization completed in 2775 ms
2026-04-24T11:24:26.501+05:30  INFO 36416 --- [order-processing-system] [main] com.zaxxer.hikari.HikariDataSource       : HikariPool-1 - Starting...
2026-04-24T11:24:26.895+05:30  INFO 36416 --- [order-processing-system] [main] com.zaxxer.hikari.pool.HikariPool        : HikariPool-1 - Added connection conn0: url=jdbc:h2:mem:ordersdb user=SA
2026-04-24T11:24:26.896+05:30  INFO 36416 --- [order-processing-system] [main] com.zaxxer.hikari.HikariDataSource       : HikariPool-1 - Start completed.
2026-04-24T11:24:26.896+05:30  INFO 36416 --- [order-processing-system] [main] o.s.b.a.h2.H2ConsoleAutoConfiguration    : H2 console available at '/h2-console'. Database available at 'jdbc:h2:mem:ordersdb'
2026-04-24T11:24:27.366+05:30  INFO 36416 --- [order-processing-system] [main] o.hibernate.jpa.internal.util.LogHelper  : HHH000204: Processing PersistenceUnitInfo [name: default]
2026-04-24T11:24:27.556+05:30  INFO 36416 --- [order-processing-system] [main] org.hibernate.Version                    : HHH000412: Hibernate ORM core version 6.4.4.Final
2026-04-24T11:24:27.615+05:30  INFO 36416 --- [order-processing-system] [main] o.h.c.internal.RegionFactoryInitiator    : HHH000026: Second-level cache disabled
2026-04-24T11:24:27.837+05:30  INFO 36416 --- [order-processing-system] [main] o.s.o.j.p.SpringPersistenceUnitInfo      : No LoadTimeWeaver setup: ignoring JPA class transformer
2026-04-24T11:24:28.709+05:30  INFO 36416 --- [order-processing-system] [main] o.h.e.t.j.p.i.JtaPlatformInitiator       : HHH000489: No JTA platform available (set 'hibernate.transaction.jta.platform' to enable JTA platform integration)
2026-04-24T11:24:28.772+05:30  INFO 36416 --- [order-processing-system] [main] j.LocalContainerEntityManagerFactoryBean : Initialized JPA EntityManagerFactory for persistence unit 'default'
2026-04-24T11:24:29.467+05:30  WARN 36416 --- [order-processing-system] [main] JpaBaseConfiguration$JpaWebConfiguration : spring.jpa.open-in-view is enabled by default. Therefore, database queries may be performed during view rendering. Explicitly configure spring.jpa.open-in-view to disable this warning
2026-04-24T11:24:30.724+05:30  INFO 36416 --- [order-processing-system] [main] o.s.b.a.e.web.EndpointLinksResolver      : Exposing 1 endpoint(s) beneath base path '/actuator'
2026-04-24T11:24:30.940+05:30  INFO 36416 --- [order-processing-system] [main] o.s.b.w.embedded.tomcat.TomcatWebServer  : Tomcat started on port 8080 (http) with context path ''
2026-04-24T11:24:30.979+05:30  INFO 36416 --- [order-processing-system] [main] com.order.OrderProcessingApplication     : Started OrderProcessingApplication in 8.275 seconds (process running for 8.884)
2026-04-24T11:24:30.995+05:30  INFO 36416 --- [order-processing-system] [scheduling-1] c.order.scheduler.OrderStatusScheduler   : Scheduler triggered: advancing order statuses
2026-04-24T11:24:31.149+05:30  INFO 36416 --- [order-processing-system] [scheduling-1] c.order.scheduler.OrderStatusScheduler   : Scheduler completed: 0 PENDING?PROCESSING, 0 PROCESSING?SHIPPING, 0 SHIPPING?DELIVERED
2026-04-24T11:24:37.823+05:30  INFO 36416 --- [order-processing-system] [http-nio-8080-exec-5] o.a.c.c.C.[Tomcat].[localhost].[/]       : Initializing Spring DispatcherServlet 'dispatcherServlet'
2026-04-24T11:24:37.823+05:30  INFO 36416 --- [order-processing-system] [http-nio-8080-exec-5] o.s.web.servlet.DispatcherServlet        : Initializing Servlet 'dispatcherServlet'
2026-04-24T11:24:37.824+05:30  INFO 36416 --- [order-processing-system] [http-nio-8080-exec-5] o.s.web.servlet.DispatcherServlet        : Completed initialization in 1 ms
2026-04-24T11:25:30.985+05:30  INFO 36416 --- [order-processing-system] [scheduling-1] c.order.scheduler.OrderStatusScheduler   : Scheduler triggered: advancing order statuses
2026-04-24T11:25:30.985+05:30  INFO 36416 --- [order-processing-system] [scheduling-1] c.order.scheduler.OrderStatusScheduler   : Scheduler completed: 0 PENDING?PROCESSING, 0 PROCESSING?SHIPPING, 0 SHIPPING?DELIVERED
2026-04-24T11:25:39.105+05:30  INFO 36416 --- [order-processing-system] [http-nio-8080-exec-1] com.order.service.OrderServiceImpl       : Order created with id: 1
2026-04-24T11:25:41.740+05:30  INFO 36416 --- [order-processing-system] [http-nio-8080-exec-6] com.order.service.OrderServiceImpl       : Order created with id: 2
2026-04-24T11:26:30.978+05:30  INFO 36416 --- [order-processing-system] [scheduling-1] c.order.scheduler.OrderStatusScheduler   : Scheduler triggered: advancing order statuses
2026-04-24T11:26:30.978+05:30  INFO 36416 --- [order-processing-system] [scheduling-1] c.order.scheduler.OrderStatusScheduler   : Scheduler completed: 0 PENDING?PROCESSING, 0 PROCESSING?SHIPPING, 0 SHIPPING?DELIVERED
2026-04-24T11:27:30.983+05:30  INFO 36416 --- [order-processing-system] [scheduling-1] c.order.scheduler.OrderStatusScheduler   : Scheduler triggered: advancing order statuses
2026-04-24T11:27:30.983+05:30  INFO 36416 --- [order-processing-system] [scheduling-1] com.order.service.OrderServiceImpl       : Order 1 automatically moved from PENDING to PROCESSING
2026-04-24T11:27:30.983+05:30  INFO 36416 --- [order-processing-system] [scheduling-1] com.order.service.OrderServiceImpl       : Order 2 automatically moved from PENDING to PROCESSING
2026-04-24T11:27:31.004+05:30  INFO 36416 --- [order-processing-system] [scheduling-1] c.order.scheduler.OrderStatusScheduler   : Scheduler completed: 2 PENDING?PROCESSING, 0 PROCESSING?SHIPPING, 0 SHIPPING?DELIVERED
2026-04-24T11:28:30.974+05:30  INFO 36416 --- [order-processing-system] [scheduling-1] c.order.scheduler.OrderStatusScheduler   : Scheduler triggered: advancing order statuses
2026-04-24T11:28:30.974+05:30  INFO 36416 --- [order-processing-system] [scheduling-1] c.order.scheduler.OrderStatusScheduler   : Scheduler completed: 0 PENDING?PROCESSING, 0 PROCESSING?SHIPPING, 0 SHIPPING?DELIVERED
2026-04-24T11:28:33.345+05:30  INFO 36416 --- [order-processing-system] [SpringApplicationShutdownHook] j.LocalContainerEntityManagerFactoryBean : Closing JPA EntityManagerFactory for persistence unit 'default'
2026-04-24T11:28:33.345+05:30  INFO 36416 --- [order-processing-system] [SpringApplicationShutdownHook] com.zaxxer.hikari.HikariDataSource       : HikariPool-1 - Shutdown initiated...
2026-04-24T11:28:33.345+05:30  INFO 36416 --- [order-processing-system] [SpringApplicationShutdownHook] com.zaxxer.hikari.HikariDataSource       : HikariPool-1 - Shutdown completed.
